// Jest Snapshot v1, https://goo.gl/fbAQLP

exports[`GalleryElement should render correctly 1`] = `
[
  <View
    style={
      {
        "alignContent": "center",
        "alignItems": "center",
        "alignSelf": "center",
        "backgroundColor": "#595947",
        "borderRadius": 10,
        "margin": 10,
        "padding": 10,
        "width": "90%",
      }
    }
  >
    <Text
      style={
        {
          "color": "#fff",
          "fontSize": 18,
          "fontWeight": "700",
          "padding": 10,
          "textAlign": "center",
          "textAlignVertical": "bottom",
        }
      }
    >
      Székicsér
    </Text>
    <View>
      <Image
        accessibilityLabel="Index image Glareola pratincola"
        accessibilityRole="image"
        source={
          {
            "uri": "../src/assets/images/glareola_icon.png",
          }
        }
        style={
          {
            "height": 75,
            "resizeMode": "contain",
            "width": 150,
          }
        }
      />
    </View>
    <Text
      style={
        {
          "color": "#fff",
          "fontSize": 14,
          "fontWeight": "500",
          "marginTop": 10,
        }
      }
    >
      Budapest
    </Text>
    <Text
      style={
        {
          "color": "#fff",
          "fontSize": 14,
          "fontWeight": "500",
        }
      }
    >
      Parlament
    </Text>
    <Text
      style={
        {
          "color": "#fff",
          "fontSize": 14,
          "fontWeight": "500",
        }
      }
    >
      2021-05-01
    </Text>
    <Text
      style={
        {
          "color": "#fff",
          "fontSize": 14,
          "fontWeight": "500",
        }
      }
    >
      Some comment
    </Text>
    <Text
      style={
        {
          "color": "#fff",
          "fontSize": 14,
          "fontWeight": "500",
        }
      }
    >
      Canon EOS 5D Mark IV
    </Text>
    <Text
      style={
        {
          "color": "#fff",
          "fontSize": 14,
          "fontWeight": "500",
        }
      }
    >
      f/5.6, 1/1000, ISO 400
    </Text>
    <Text
      style={
        {
          "color": "#fff",
          "fontSize": 14,
          "fontWeight": "500",
          "marginBottom": 10,
        }
      }
    >
      John Doe
    </Text>
    <View
      style={
        {
          "alignItems": "center",
          "flexDirection": "row",
          "justifyContent": "space-around",
        }
      }
    >
      <View
        style={
          {
            "backgroundColor": "#4d9460",
            "borderRadius": 5,
            "color": "#fff",
            "margin": 5,
            "padding": 10,
          }
        }
      >
        <View
          accessibilityLabel="Show image button"
          accessibilityRole="button"
          accessibilityState={
            {
              "busy": undefined,
              "checked": undefined,
              "disabled": undefined,
              "expanded": undefined,
              "selected": undefined,
            }
          }
          accessibilityValue={
            {
              "max": undefined,
              "min": undefined,
              "now": undefined,
              "text": undefined,
            }
          }
          accessible={true}
          collapsable={false}
          focusable={true}
          onBlur={[Function]}
          onClick={[Function]}
          onFocus={[Function]}
          onResponderGrant={[Function]}
          onResponderMove={[Function]}
          onResponderRelease={[Function]}
          onResponderTerminate={[Function]}
          onResponderTerminationRequest={[Function]}
          onStartShouldSetResponder={[Function]}
        >
          <Text />
        </View>
      </View>
    </View>
  </View>,
  <Modal
    animationType="fade"
    hardwareAccelerated={false}
    style={
      {
        "padding": 15,
      }
    }
    transparent={true}
    visible={false}
  />,
]
`;
