// Jest Snapshot v1, https://goo.gl/fbAQLP

exports[`Settings page should render correctly 1`] = `
<Text
  style={
    {
      "color": "#fff",
      "fontSize": 14,
      "fontWeight": "500",
    }
  }
>
  Coming soon...
</Text>
`;
